// Jest Snapshot v1, https://goo.gl/fbAQLP

exports[`renders <Topology /> without throwing 1`] = `
<svg
  id="topology-svg"
  onMouseMove={[Function]}
  onMouseUp={[Function]}
  onTouchCancel={[Function]}
  onTouchEnd={[Function]}
  onTouchMove={[Function]}
>
  <g>
    <g
      transform="translate(490.90847863786803, 369.88822292304775)"
    >
      <rect
        className="sc-EHOje PMMGv"
        height={132}
        width={180}
        x={0}
        y={3}
      />
      <rect
        className="sc-ifAKCX hWxHou"
        height={132}
        onMouseDown={[Function]}
        onTouchStart={[Function]}
        width={180}
        x={0}
        y={0}
      />
      <g>
        <text
          className="sc-bZQynM hPybqV"
          onClick={[Function]}
          onKeyDown={[Function]}
          x={12}
          y={30}
        >
          frontend
        </text>
      </g>
      <g
        transform="translate(140, 0)"
      >
        <line
          className="sc-bxivhb gHpZWl"
          x1={0}
          x2={0}
          y1={0}
          y2={48}
        />
        <circle
          className="sc-iwsKbI hLQOJd"
          cx={20}
          cy={18}
          r={2}
        />
        <circle
          className="sc-iwsKbI hLQOJd"
          cx={20}
          cy={24}
          r={2}
        />
        <circle
          className="sc-iwsKbI hLQOJd"
          cx={20}
          cy={30}
          r={2}
        />
        <rect
          className="sc-dnqmqq kMHeTL"
          height={48}
          onClick={[Function]}
          onKeyDown={[Function]}
          role="button"
          tabIndex={100}
          width={40}
        />
      </g>
      <g
        transform="translate(0, 48)"
      >
        <line
          className="sc-bxivhb gHpZWl"
          x1={0}
          x2={180}
          y1={0}
          y2={0}
        />
        <g
          transform="translate(12, 11)"
        >
          <g
            transform="translate(0, 0)"
          >
            <svg
              className="sc-VigVT bRjBVL healthy__StyledHealthyIcon-EmIZP iBQdnE"
              healthy="UNHEALTHY"
              height="18"
              viewBox="0 0 18 18"
              width="18"
              xmlns="http://www.w3.org/2000/svg"
            >
              <title>
                icon: state
              </title>
              <g
                fillRule="evenodd"
              >
                <circle
                  cx="9"
                  cy="9"
                  r="9"
                />
                <path
                  d="M9.477 6.603l-.522.443-.444-.443a2.056 2.056 0 1 0-2.908 2.909l3.352 3.352 3.412-3.352c.803-.804.863-2.106.06-2.91a2.105 2.105 0 0 0-2.95 0z"
                  fill="#FFF"
                />
              </g>
            </svg>
          </g>
          <g
            transform="translate(30, 4.5)"
          >
            <svg
              active={true}
              className="sc-gqjmRU gKImWu"
              consul={false}
              height="9"
              viewBox="0 0 18 9"
              width="18"
              xmlns="http://www.w3.org/2000/svg"
            >
              <title>
                icon: instances
              </title>
              <path
                d="M4.5 0a4.5 4.5 0 1 0 0 9 4.5 4.5 0 0 0 0-9m8.59 0c-.375 0-.739.047-1.09.12 2.184.456 3.818 2.239 3.818 4.38S14.184 8.424 12 8.88c.351.073.715.12 1.09.12C15.803 9 18 6.985 18 4.5S15.802 0 13.09 0M14 4.5C14 6.985 11.802 9 9.09 9c-.375 0-.739-.047-1.09-.12 2.184-.456 3.818-2.239 3.818-4.38S10.184.576 8 .12C8.351.047 8.715 0 9.09 0 11.803 0 14 2.015 14 4.5"
                fill="#494949"
                fillRule="evenodd"
              />
            </svg>
          </g>
          <text
            className="sc-htoDjs hKKxdB"
            x={54}
            y={14}
          >
            2 inst.
          </text>
          <g
            transform="translate(54, 36)"
          >
            <text
              className="sc-htoDjs hKKxdB"
            >
              1
            running
            </text>
            <text
              className="sc-htoDjs hKKxdB"
            >
              1
            failed
            </text>
          </g>
        </g>
      </g>
    </g>
    <g
      transform="translate(305.0915213621319, 540.1117770769522)"
    >
      <rect
        className="sc-EHOje iJhcIb"
        height={132}
        width={180}
        x={0}
        y={3}
      />
      <rect
        className="sc-ifAKCX fDXnCZ"
        height={132}
        onMouseDown={[Function]}
        onTouchStart={[Function]}
        width={180}
        x={0}
        y={0}
      />
      <g>
        <text
          className="sc-bZQynM hpEjYg"
          onClick={[Function]}
          onKeyDown={[Function]}
          x={12}
          y={30}
        >
          consul
        </text>
      </g>
      <g
        transform="translate(140, 0)"
      >
        <line
          className="sc-bxivhb ksbNYQ"
          x1={0}
          x2={0}
          y1={0}
          y2={48}
        />
        <circle
          className="sc-iwsKbI igBWAN"
          cx={20}
          cy={18}
          r={2}
        />
        <circle
          className="sc-iwsKbI igBWAN"
          cx={20}
          cy={24}
          r={2}
        />
        <circle
          className="sc-iwsKbI igBWAN"
          cx={20}
          cy={30}
          r={2}
        />
        <rect
          className="sc-dnqmqq kMHeTL"
          height={48}
          onClick={[Function]}
          onKeyDown={[Function]}
          role="button"
          tabIndex={101}
          width={40}
        />
      </g>
      <g
        transform="translate(0, 48)"
      >
        <line
          className="sc-bxivhb ksbNYQ"
          x1={0}
          x2={180}
          y1={0}
          y2={0}
        />
        <g
          transform="translate(12, 11)"
        >
          <g
            transform="translate(0, 0)"
          >
            <svg
              className="sc-VigVT bRjBVL healthy__StyledHealthyIcon-EmIZP iBQdnE"
              healthy="HEALTHY"
              height="18"
              viewBox="0 0 18 18"
              width="18"
              xmlns="http://www.w3.org/2000/svg"
            >
              <title>
                icon: state
              </title>
              <g
                fillRule="evenodd"
              >
                <circle
                  cx="9"
                  cy="9"
                  r="9"
                />
                <path
                  d="M9.477 6.603l-.522.443-.444-.443a2.056 2.056 0 1 0-2.908 2.909l3.352 3.352 3.412-3.352c.803-.804.863-2.106.06-2.91a2.105 2.105 0 0 0-2.95 0z"
                  fill="#FFF"
                />
              </g>
            </svg>
          </g>
          <g
            transform="translate(30, 4.5)"
          >
            <svg
              active={true}
              className="sc-gqjmRU bhRpIl"
              consul={true}
              height="9"
              viewBox="0 0 18 9"
              width="18"
              xmlns="http://www.w3.org/2000/svg"
            >
              <title>
                icon: instances
              </title>
              <path
                d="M4.5 0a4.5 4.5 0 1 0 0 9 4.5 4.5 0 0 0 0-9m8.59 0c-.375 0-.739.047-1.09.12 2.184.456 3.818 2.239 3.818 4.38S14.184 8.424 12 8.88c.351.073.715.12 1.09.12C15.803 9 18 6.985 18 4.5S15.802 0 13.09 0M14 4.5C14 6.985 11.802 9 9.09 9c-.375 0-.739-.047-1.09-.12 2.184-.456 3.818-2.239 3.818-4.38S10.184.576 8 .12C8.351.047 8.715 0 9.09 0 11.803 0 14 2.015 14 4.5"
                fill="#494949"
                fillRule="evenodd"
              />
            </svg>
          </g>
          <text
            className="sc-htoDjs jJBSdK"
            x={54}
            y={14}
          >
            2 inst.
          </text>
          <g
            transform="translate(54, 36)"
          >
            <text
              className="sc-htoDjs jJBSdK"
            >
              1
            running
            </text>
            <text
              className="sc-htoDjs jJBSdK"
            >
              1
            running
            </text>
          </g>
        </g>
      </g>
    </g>
  </g>
  <g>
    <line
      className="sc-jTzLTM lotOOv"
      x1={483.0915213621319}
      x2={492.90847863786803}
      y1={542.1117770769522}
      y2={499.88822292304775}
    />
  </g>
  <g>
    <g
      transform="translate(492.90847863786803, 499.88822292304775) rotate(283.08870824588445)"
    >
      <circle
        className="sc-fjdhpX eCDqlH"
        cx={0}
        cy={0}
        r={9}
      />
      <line
        className="sc-jzJRlG ilIimZ"
        x1={-1}
        x2={2}
        y1={-3}
        y2={0}
      />
      <line
        className="sc-jzJRlG ilIimZ"
        x1={-1}
        x2={2}
        y1={3}
        y2={0}
      />
    </g>
  </g>
  <g />
  <g />
</svg>
`;
